// Jest Snapshot v1, https://goo.gl/fbAQLP

exports[`App renders correctly 1`] = `
<DocumentFragment>
  <div
    class="App"
  >
    <img
      alt="NASA logo"
      class="App__logo"
      src="https://cdn.cnn.com/cnnnext/dam/assets/200424060716-nasa-worm-logo.jpg"
    />
    <input
      class="Search__input"
      type="text"
    />
  </div>
</DocumentFragment>
`;

exports[`renders 1`] = `
<DocumentFragment>
  <div
    class="App"
  >
    <img
      alt="NASA logo"
      class="App__logo"
      src="https://cdn.cnn.com/cnnnext/dam/assets/200424060716-nasa-worm-logo.jpg"
    />
    <input
      class="Search__input"
      type="text"
    />
  </div>
</DocumentFragment>
`;

exports[`renders App component 1`] = `
<DocumentFragment>
  <div
    class="App"
  >
    <img
      alt="NASA logo"
      class="App__logo"
      src="https://cdn.cnn.com/cnnnext/dam/assets/200424060716-nasa-worm-logo.jpg"
    />
    <input
      class="Search__input"
      type="text"
    />
  </div>
</DocumentFragment>
`;
